Fitted reference stain stats -> Means: [      164.4      134.11      116.48], Stds: [      49.44       14.14       13.28]
Fitted reference stain stats -> Means: [     169.46      133.99      116.78], Stds: [       49.3        15.4       13.16]
Fitted reference stain stats -> Means: [     161.64      134.96      116.61], Stds: [      45.64       16.32       15.19]
Fitted reference stain stats -> Means: [      164.4      134.11      116.48], Stds: [      49.44       14.14       13.28]
Fitted reference stain stats -> Means: [     169.46      133.99      116.78], Stds: [       49.3        15.4       13.16]
Fitted reference stain stats -> Means: [     161.64      134.96      116.61], Stds: [      45.64       16.32       15.19]
Completed stain reference analysis: v3_sipakmed_only_seed17
Fitted reference stain stats -> Means: [      164.4      134.11      116.48], Stds: [      49.44       14.14       13.28]
Fitted reference stain stats -> Means: [     169.46      133.99      116.78], Stds: [       49.3        15.4       13.16]
Fitted reference stain stats -> Means: [     161.64      134.96      116.61], Stds: [      45.64       16.32       15.19]
Fitted reference stain stats -> Means: [      164.4      134.11      116.48], Stds: [      49.44       14.14       13.28]
Fitted reference stain stats -> Means: [     169.46      133.99      116.78], Stds: [       49.3        15.4       13.16]
Fitted reference stain stats -> Means: [     161.64      134.96      116.61], Stds: [      45.64       16.32       15.19]
Completed stain reference analysis: v3_combined_seed17
Fitted reference stain stats -> Means: [      164.4      134.11      116.48], Stds: [      49.44       14.14       13.28]
Fitted reference stain stats -> Means: [     169.46      133.99      116.78], Stds: [       49.3        15.4       13.16]
Fitted reference stain stats -> Means: [     161.64      134.96      116.61], Stds: [      45.64       16.32       15.19]
Fitted reference stain stats -> Means: [      164.4      134.11      116.48], Stds: [      49.44       14.14       13.28]
Fitted reference stain stats -> Means: [     169.46      133.99      116.78], Stds: [       49.3        15.4       13.16]
Fitted reference stain stats -> Means: [     161.64      134.96      116.61], Stds: [      45.64       16.32       15.19]
Completed stain reference analysis: v3_sipakmed_only_seed43
Fitted reference stain stats -> Means: [      164.4      134.11      116.48], Stds: [      49.44       14.14       13.28]
Fitted reference stain stats -> Means: [     169.46      133.99      116.78], Stds: [       49.3        15.4       13.16]
Fitted reference stain stats -> Means: [     161.64      134.96      116.61], Stds: [      45.64       16.32       15.19]
Fitted reference stain stats -> Means: [      164.4      134.11      116.48], Stds: [      49.44       14.14       13.28]
Fitted reference stain stats -> Means: [     169.46      133.99      116.78], Stds: [       49.3        15.4       13.16]
Fitted reference stain stats -> Means: [     161.64      134.96      116.61], Stds: [      45.64       16.32       15.19]
Completed stain reference analysis: v3_combined_seed43
Fitted reference stain stats -> Means: [      164.4      134.11      116.48], Stds: [      49.44       14.14       13.28]
Fitted reference stain stats -> Means: [     169.46      133.99      116.78], Stds: [       49.3        15.4       13.16]
Fitted reference stain stats -> Means: [     161.64      134.96      116.61], Stds: [      45.64       16.32       15.19]
Fitted reference stain stats -> Means: [      164.4      134.11      116.48], Stds: [      49.44       14.14       13.28]
Fitted reference stain stats -> Means: [     169.46      133.99      116.78], Stds: [       49.3        15.4       13.16]
Fitted reference stain stats -> Means: [     161.64      134.96      116.61], Stds: [      45.64       16.32       15.19]
Completed stain reference analysis: v3_sipakmed_only_seed101
Fitted reference stain stats -> Means: [      164.4      134.11      116.48], Stds: [      49.44       14.14       13.28]
Fitted reference stain stats -> Means: [     169.46      133.99      116.78], Stds: [       49.3        15.4       13.16]
Fitted reference stain stats -> Means: [     161.64      134.96      116.61], Stds: [      45.64       16.32       15.19]
Fitted reference stain stats -> Means: [      164.4      134.11      116.48], Stds: [      49.44       14.14       13.28]
Fitted reference stain stats -> Means: [     169.46      133.99      116.78], Stds: [       49.3        15.4       13.16]
Fitted reference stain stats -> Means: [     161.64      134.96      116.61], Stds: [      45.64       16.32       15.19]
Completed stain reference analysis: v3_combined_seed101
