[log] Logging to C:\Users\abusu\Desktop\pap-smear-cyto-algo\logs\training_pipeline_20260919_012011.log
--- Attempting training at batch=16 ---
New https://pypi.org/project/ultralytics/8.4.155 available  Update with 'pip install -U ultralytics'
Ultralytics 8.4.31  Python-3.12.10 torch-2.10.0+cu130 CUDA:0 (NVIDIA GeForce RTX 3060 Laptop GPU, 6144MiB)
[34m[1mengine\trainer: [0magnostic_nms=False, amp=True, angle=1.0, augment=False, auto_augment=randaugment, batch=16, bgr=0.0, box=7.5, cache=disk, cfg=None, classes=None, close_mosaic=10, cls=0.5, compile=False, conf=None, copy_paste=0.0, copy_paste_mode=flip, cos_lr=False, cutmix=0.0, data=C:\Users\abusu\Desktop\pap-smear-cyto-algo\data\research_v2\combined\data.yaml, degrees=0.0, deterministic=True, device=None, dfl=1.5, dnn=False, dropout=0.0, dynamic=False, embed=None, end2end=None, epochs=150, erasing=0.4, exist_ok=False, fliplr=0.5, flipud=0.0, format=torchscript, fraction=1.0, freeze=None, half=False, hsv_h=0.015, hsv_s=0.7, hsv_v=0.4, imgsz=640, int8=False, iou=0.7, keras=False, kobj=1.0, line_width=None, lr0=0.01, lrf=0.01, mask_ratio=4, max_det=300, mixup=0.0, mode=train, model=yolov8n.pt, momentum=0.937, mosaic=1.0, multi_scale=0.0, name=v2_combined_seed17, nbs=64, nms=False, opset=None, optimize=False, optimizer=auto, overlap_mask=True, patience=30, perspective=0.0, plots=True, pose=12.0, pretrained=True, profile=False, project=C:\Users\abusu\Desktop\pap-smear-cyto-algo\results\research_v2\runs, rect=False, resume=False, retina_masks=False, rle=1.0, save=True, save_conf=False, save_crop=False, save_dir=C:\Users\abusu\Desktop\pap-smear-cyto-algo\results\research_v2\runs\v2_combined_seed17, save_frames=False, save_json=False, save_period=-1, save_txt=False, scale=0.5, seed=17, shear=0.0, show=False, show_boxes=True, show_conf=True, show_labels=True, simplify=True, single_cls=False, source=None, split=val, stream_buffer=False, task=detect, time=None, tracker=botsort.yaml, translate=0.1, val=True, verbose=True, vid_stride=1, visualize=False, warmup_bias_lr=0.1, warmup_epochs=3.0, warmup_momentum=0.8, weight_decay=0.0005, workers=2, workspace=None
Overriding model.yaml nc=80 with nc=2

                   from  n    params  module                                       arguments                     
  0                  -1  1       464  ultralytics.nn.modules.conv.Conv             [3, 16, 3, 2]                 
  1                  -1  1      4672  ultralytics.nn.modules.conv.Conv             [16, 32, 3, 2]                
  2                  -1  1      7360  ultralytics.nn.modules.block.C2f             [32, 32, 1, True]             
  3                  -1  1     18560  ultralytics.nn.modules.conv.Conv             [32, 64, 3, 2]                
  4                  -1  2     49664  ultralytics.nn.modules.block.C2f             [64, 64, 2, True]             
  5                  -1  1     73984  ultralytics.nn.modules.conv.Conv             [64, 128, 3, 2]               
  6                  -1  2    197632  ultralytics.nn.modules.block.C2f             [128, 128, 2, True]           
  7                  -1  1    295424  ultralytics.nn.modules.conv.Conv             [128, 256, 3, 2]              
  8                  -1  1    460288  ultralytics.nn.modules.block.C2f             [256, 256, 1, True]           
  9                  -1  1    164608  ultralytics.nn.modules.block.SPPF            [256, 256, 5]                 
 10                  -1  1         0  torch.nn.modules.upsampling.Upsample         [None, 2, 'nearest']          
 11             [-1, 6]  1         0  ultralytics.nn.modules.conv.Concat           [1]                           
 12                  -1  1    148224  ultralytics.nn.modules.block.C2f             [384, 128, 1]                 
 13                  -1  1         0  torch.nn.modules.upsampling.Upsample         [None, 2, 'nearest']          
 14             [-1, 4]  1         0  ultralytics.nn.modules.conv.Concat           [1]                           
 15                  -1  1     37248  ultralytics.nn.modules.block.C2f             [192, 64, 1]                  
 16                  -1  1     36992  ultralytics.nn.modules.conv.Conv             [64, 64, 3, 2]                
 17            [-1, 12]  1         0  ultralytics.nn.modules.conv.Concat           [1]                           
 18                  -1  1    123648  ultralytics.nn.modules.block.C2f             [192, 128, 1]                 
 19                  -1  1    147712  ultralytics.nn.modules.conv.Conv             [128, 128, 3, 2]              
 20             [-1, 9]  1         0  ultralytics.nn.modules.conv.Concat           [1]                           
 21                  -1  1    493056  ultralytics.nn.modules.block.C2f             [384, 256, 1]                 
 22        [15, 18, 21]  1    751702  ultralytics.nn.modules.head.Detect           [2, 16, None, [64, 128, 256]] 
Model summary: 130 layers, 3,011,238 parameters, 3,011,222 gradients, 8.2 GFLOPs

Transferred 319/355 items from pretrained weights
Freezing layer 'model.22.dfl.conv.weight'
[34m[1mAMP: [0mrunning Automatic Mixed Precision (AMP) checks...
[34m[1mAMP: [0mchecks passed 
[34m[1mtrain: [0mFast image access  (ping: 0.30.1 ms, read: 120.938.9 MB/s, size: 253.5 KB)

[34m[1mtrain: [0mNew cache created: C:\Users\abusu\Desktop\pap-smear-cyto-algo\data\research_v2\combined\train\labels.cache

[34m[1mval: [0mFast image access  (ping: 0.40.1 ms, read: 92.830.3 MB/s, size: 264.4 KB)

[34m[1mval: [0mNew cache created: C:\Users\abusu\Desktop\pap-smear-cyto-algo\data\research_v2\combined\valid\labels.cache

[34m[1moptimizer:[0m 'optimizer=auto' found, ignoring 'lr0=0.01' and 'momentum=0.937' and determining best 'optimizer', 'lr0' and 'momentum' automatically... 
[34m[1moptimizer:[0m AdamW(lr=0.001667, momentum=0.9) with parameter groups 57 weight(decay=0.0), 64 weight(decay=0.0005), 63 bias(decay=0.0)
Plotting labels to C:\Users\abusu\Desktop\pap-smear-cyto-algo\results\research_v2\runs\v2_combined_seed17\labels.jpg... 
Image sizes 640 train, 640 val
Using 2 dataloader workers
Logging results to [1mC:\Users\abusu\Desktop\pap-smear-cyto-algo\results\research_v2\runs\v2_combined_seed17[0m
Starting training for 150 epochs...

      Epoch    GPU_mem   box_loss   cls_loss   dfl_loss  Instances       Size


                   all        189        973     0.0118      0.682     0.0875     0.0529

      Epoch    GPU_mem   box_loss   cls_loss   dfl_loss  Instances       Size


                   all        189        973      0.365      0.388      0.314      0.199

      Epoch    GPU_mem   box_loss   cls_loss   dfl_loss  Instances       Size


                   all        189        973      0.371      0.355      0.303      0.172

      Epoch    GPU_mem   box_loss   cls_loss   dfl_loss  Instances       Size


                   all        189        973      0.303      0.259      0.199       0.11

      Epoch    GPU_mem   box_loss   cls_loss   dfl_loss  Instances       Size


                   all        189        973      0.308      0.372      0.263      0.158

      Epoch    GPU_mem   box_loss   cls_loss   dfl_loss  Instances       Size


                   all        189        973      0.407      0.459      0.374      0.246

      Epoch    GPU_mem   box_loss   cls_loss   dfl_loss  Instances       Size


                   all        189        973      0.378      0.524      0.432      0.275

      Epoch    GPU_mem   box_loss   cls_loss   dfl_loss  Instances       Size


                   all        189        973      0.438      0.625      0.531      0.347

      Epoch    GPU_mem   box_loss   cls_loss   dfl_loss  Instances       Size


                   all        189        973      0.514      0.501      0.518      0.332

      Epoch    GPU_mem   box_loss   cls_loss   dfl_loss  Instances       Size


                   all        189        973      0.457      0.508      0.474      0.305

      Epoch    GPU_mem   box_loss   cls_loss   dfl_loss  Instances       Size


                   all        189        973      0.466      0.497      0.479       0.31

      Epoch    GPU_mem   box_loss   cls_loss   dfl_loss  Instances       Size


                   all        189        973      0.473      0.552      0.472      0.296

      Epoch    GPU_mem   box_loss   cls_loss   dfl_loss  Instances       Size


                   all        189        973      0.538      0.559      0.517      0.332

      Epoch    GPU_mem   box_loss   cls_loss   dfl_loss  Instances       Size


                   all        189        973      0.521      0.519      0.516      0.338

      Epoch    GPU_mem   box_loss   cls_loss   dfl_loss  Instances       Size


                   all        189        973      0.484      0.595      0.529      0.336

      Epoch    GPU_mem   box_loss   cls_loss   dfl_loss  Instances       Size


                   all        189        973       0.44      0.639      0.528      0.354

      Epoch    GPU_mem   box_loss   cls_loss   dfl_loss  Instances       Size


                   all        189        973      0.434      0.572      0.456      0.287

      Epoch    GPU_mem   box_loss   cls_loss   dfl_loss  Instances       Size


                   all        189        973      0.521      0.612      0.573      0.381

      Epoch    GPU_mem   box_loss   cls_loss   dfl_loss  Instances       Size


                   all        189        973      0.487      0.569      0.505      0.337

      Epoch    GPU_mem   box_loss   cls_loss   dfl_loss  Instances       Size


                   all        189        973      0.459      0.602      0.519      0.347

      Epoch    GPU_mem   box_loss   cls_loss   dfl_loss  Instances       Size


                   all        189        973      0.519      0.615      0.569      0.369

      Epoch    GPU_mem   box_loss   cls_loss   dfl_loss  Instances       Size


                   all        189        973       0.56      0.601      0.583      0.391

      Epoch    GPU_mem   box_loss   cls_loss   dfl_loss  Instances       Size


                   all        189        973      0.522      0.528      0.499      0.315

      Epoch    GPU_mem   box_loss   cls_loss   dfl_loss  Instances       Size


                   all        189        973      0.463        0.6      0.518      0.347

      Epoch    GPU_mem   box_loss   cls_loss   dfl_loss  Instances       Size


                   all        189        973       0.49      0.563      0.512      0.337

      Epoch    GPU_mem   box_loss   cls_loss   dfl_loss  Instances       Size


                   all        189        973      0.559      0.647      0.633      0.425

      Epoch    GPU_mem   box_loss   cls_loss   dfl_loss  Instances       Size


                   all        189        973      0.554      0.607      0.604      0.411

      Epoch    GPU_mem   box_loss   cls_loss   dfl_loss  Instances       Size


                   all        189        973      0.554      0.637      0.608      0.422

      Epoch    GPU_mem   box_loss   cls_loss   dfl_loss  Instances       Size


                   all        189        973      0.543      0.633      0.595      0.397

      Epoch    GPU_mem   box_loss   cls_loss   dfl_loss  Instances       Size


                   all        189        973      0.552      0.624      0.577      0.384

      Epoch    GPU_mem   box_loss   cls_loss   dfl_loss  Instances       Size


                   all        189        973      0.582      0.638       0.61       0.41

      Epoch    GPU_mem   box_loss   cls_loss   dfl_loss  Instances       Size


                   all        189        973      0.583      0.624       0.62      0.427

      Epoch    GPU_mem   box_loss   cls_loss   dfl_loss  Instances       Size


                   all        189        973      0.538       0.62      0.592      0.409

      Epoch    GPU_mem   box_loss   cls_loss   dfl_loss  Instances       Size


                   all        189        973      0.566      0.645      0.624      0.431

      Epoch    GPU_mem   box_loss   cls_loss   dfl_loss  Instances       Size


                   all        189        973      0.592      0.636      0.632      0.427

      Epoch    GPU_mem   box_loss   cls_loss   dfl_loss  Instances       Size


                   all        189        973      0.584      0.624      0.629      0.429

      Epoch    GPU_mem   box_loss   cls_loss   dfl_loss  Instances       Size


                   all        189        973      0.579       0.65      0.625      0.437

      Epoch    GPU_mem   box_loss   cls_loss   dfl_loss  Instances       Size


                   all        189        973      0.555      0.647       0.61      0.412

      Epoch    GPU_mem   box_loss   cls_loss   dfl_loss  Instances       Size


                   all        189        973      0.595      0.689      0.657      0.443

      Epoch    GPU_mem   box_loss   cls_loss   dfl_loss  Instances       Size


                   all        189        973      0.595      0.641       0.63      0.429

      Epoch    GPU_mem   box_loss   cls_loss   dfl_loss  Instances       Size


                   all        189        973      0.554      0.561      0.564      0.387

      Epoch    GPU_mem   box_loss   cls_loss   dfl_loss  Instances       Size


                   all        189        973      0.576      0.582      0.583      0.405

      Epoch    GPU_mem   box_loss   cls_loss   dfl_loss  Instances       Size


                   all        189        973      0.618      0.612      0.628      0.434

      Epoch    GPU_mem   box_loss   cls_loss   dfl_loss  Instances       Size


                   all        189        973      0.575      0.636      0.621       0.43

      Epoch    GPU_mem   box_loss   cls_loss   dfl_loss  Instances       Size


                   all        189        973       0.54        0.7      0.621      0.426

      Epoch    GPU_mem   box_loss   cls_loss   dfl_loss  Instances       Size


                   all        189        973       0.59      0.661      0.633      0.435

      Epoch    GPU_mem   box_loss   cls_loss   dfl_loss  Instances       Size


                   all        189        973      0.583      0.615      0.618      0.412

      Epoch    GPU_mem   box_loss   cls_loss   dfl_loss  Instances       Size


                   all        189        973       0.54      0.666      0.608      0.411

      Epoch    GPU_mem   box_loss   cls_loss   dfl_loss  Instances       Size


                   all        189        973      0.563      0.671      0.614      0.404

      Epoch    GPU_mem   box_loss   cls_loss   dfl_loss  Instances       Size


                   all        189        973      0.572      0.593      0.601      0.416

      Epoch    GPU_mem   box_loss   cls_loss   dfl_loss  Instances       Size


                   all        189        973      0.548        0.6      0.564      0.376

      Epoch    GPU_mem   box_loss   cls_loss   dfl_loss  Instances       Size


                   all        189        973      0.573      0.671      0.618      0.425

      Epoch    GPU_mem   box_loss   cls_loss   dfl_loss  Instances       Size


                   all        189        973      0.549       0.67      0.623      0.427

      Epoch    GPU_mem   box_loss   cls_loss   dfl_loss  Instances       Size


                   all        189        973      0.569      0.672      0.635       0.43

      Epoch    GPU_mem   box_loss   cls_loss   dfl_loss  Instances       Size


                   all        189        973      0.558      0.639      0.606      0.409

      Epoch    GPU_mem   box_loss   cls_loss   dfl_loss  Instances       Size


                   all        189        973      0.568      0.636      0.621      0.427

      Epoch    GPU_mem   box_loss   cls_loss   dfl_loss  Instances       Size


                   all        189        973      0.617       0.66       0.65      0.449

      Epoch    GPU_mem   box_loss   cls_loss   dfl_loss  Instances       Size


                   all        189        973      0.584      0.616      0.611      0.418

      Epoch    GPU_mem   box_loss   cls_loss   dfl_loss  Instances       Size


                   all        189        973       0.56      0.659      0.626      0.438

      Epoch    GPU_mem   box_loss   cls_loss   dfl_loss  Instances       Size


                   all        189        973      0.584      0.635      0.632      0.436

      Epoch    GPU_mem   box_loss   cls_loss   dfl_loss  Instances       Size


                   all        189        973      0.563      0.624      0.606      0.419

      Epoch    GPU_mem   box_loss   cls_loss   dfl_loss  Instances       Size


                   all        189        973      0.607      0.685      0.662      0.458

      Epoch    GPU_mem   box_loss   cls_loss   dfl_loss  Instances       Size


                   all        189        973      0.589      0.661      0.634      0.433

      Epoch    GPU_mem   box_loss   cls_loss   dfl_loss  Instances       Size


                   all        189        973      0.615      0.606      0.627      0.439

      Epoch    GPU_mem   box_loss   cls_loss   dfl_loss  Instances       Size


                   all        189        973      0.548      0.653      0.624       0.43

      Epoch    GPU_mem   box_loss   cls_loss   dfl_loss  Instances       Size


                   all        189        973      0.551      0.663      0.637      0.442

      Epoch    GPU_mem   box_loss   cls_loss   dfl_loss  Instances       Size


                   all        189        973      0.548      0.688      0.627      0.432

      Epoch    GPU_mem   box_loss   cls_loss   dfl_loss  Instances       Size


                   all        189        973      0.573      0.669       0.64       0.44

      Epoch    GPU_mem   box_loss   cls_loss   dfl_loss  Instances       Size


                   all        189        973      0.607      0.596      0.634      0.441

      Epoch    GPU_mem   box_loss   cls_loss   dfl_loss  Instances       Size


                   all        189        973      0.565       0.67      0.641      0.438

      Epoch    GPU_mem   box_loss   cls_loss   dfl_loss  Instances       Size


                   all        189        973      0.585      0.646      0.633      0.442

      Epoch    GPU_mem   box_loss   cls_loss   dfl_loss  Instances       Size


                   all        189        973      0.596      0.654      0.637      0.431

      Epoch    GPU_mem   box_loss   cls_loss   dfl_loss  Instances       Size


                   all        189        973      0.605      0.594      0.602       0.42

      Epoch    GPU_mem   box_loss   cls_loss   dfl_loss  Instances       Size


                   all        189        973      0.582       0.66      0.641      0.437

      Epoch    GPU_mem   box_loss   cls_loss   dfl_loss  Instances       Size


                   all        189        973      0.566      0.641      0.619      0.419

      Epoch    GPU_mem   box_loss   cls_loss   dfl_loss  Instances       Size


                   all        189        973      0.586      0.601      0.604      0.416

      Epoch    GPU_mem   box_loss   cls_loss   dfl_loss  Instances       Size


                   all        189        973      0.576      0.634      0.629      0.438

      Epoch    GPU_mem   box_loss   cls_loss   dfl_loss  Instances       Size


                   all        189        973      0.592       0.63      0.653      0.454

      Epoch    GPU_mem   box_loss   cls_loss   dfl_loss  Instances       Size


                   all        189        973      0.587       0.63      0.637      0.442

      Epoch    GPU_mem   box_loss   cls_loss   dfl_loss  Instances       Size


                   all        189        973      0.588      0.608       0.62      0.429

      Epoch    GPU_mem   box_loss   cls_loss   dfl_loss  Instances       Size


                   all        189        973      0.603      0.615      0.614      0.425

      Epoch    GPU_mem   box_loss   cls_loss   dfl_loss  Instances       Size


                   all        189        973      0.593      0.626      0.626      0.431

      Epoch    GPU_mem   box_loss   cls_loss   dfl_loss  Instances       Size


                   all        189        973       0.58      0.638      0.618      0.428

      Epoch    GPU_mem   box_loss   cls_loss   dfl_loss  Instances       Size


                   all        189        973      0.571       0.61      0.607      0.421

      Epoch    GPU_mem   box_loss   cls_loss   dfl_loss  Instances       Size


                   all        189        973      0.596      0.629      0.632      0.438

      Epoch    GPU_mem   box_loss   cls_loss   dfl_loss  Instances       Size


                   all        189        973      0.569      0.627      0.606      0.423

      Epoch    GPU_mem   box_loss   cls_loss   dfl_loss  Instances       Size


                   all        189        973      0.597      0.639      0.639       0.44

      Epoch    GPU_mem   box_loss   cls_loss   dfl_loss  Instances       Size


                   all        189        973      0.593      0.659      0.639      0.444

      Epoch    GPU_mem   box_loss   cls_loss   dfl_loss  Instances       Size


                   all        189        973      0.587      0.628      0.623      0.439

      Epoch    GPU_mem   box_loss   cls_loss   dfl_loss  Instances       Size


                   all        189        973      0.608      0.617      0.621      0.427

      Epoch    GPU_mem   box_loss   cls_loss   dfl_loss  Instances       Size


                   all        189        973      0.592      0.645      0.631      0.433

      Epoch    GPU_mem   box_loss   cls_loss   dfl_loss  Instances       Size


                   all        189        973      0.625      0.632      0.644      0.441
[34m[1mEarlyStopping: [0mTraining stopped early as no improvement observed in last 30 epochs. Best results observed at epoch 62, best model saved as best.pt.
To update EarlyStopping(patience=30) pass a new patience value, i.e. `patience=300` or use `patience=0` to disable EarlyStopping.

92 epochs completed in 0.350 hours.
Optimizer stripped from C:\Users\abusu\Desktop\pap-smear-cyto-algo\results\research_v2\runs\v2_combined_seed17\weights\last.pt, 6.2MB
Optimizer stripped from C:\Users\abusu\Desktop\pap-smear-cyto-algo\results\research_v2\runs\v2_combined_seed17\weights\best.pt, 6.2MB

Validating C:\Users\abusu\Desktop\pap-smear-cyto-algo\results\research_v2\runs\v2_combined_seed17\weights\best.pt...
Ultralytics 8.4.31  Python-3.12.10 torch-2.10.0+cu130 CUDA:0 (NVIDIA GeForce RTX 3060 Laptop GPU, 6144MiB)
Model summary (fused): 73 layers, 3,006,038 parameters, 0 gradients, 8.1 GFLOPs

                   all        189        973      0.606      0.684      0.662      0.457
                Normal        120        538      0.664      0.727      0.738      0.544
              Abnormal        111        435      0.547      0.641      0.586       0.37
Speed: 0.2ms preprocess, 2.0ms inference, 0.0ms loss, 2.5ms postprocess per image
Results saved to [1mC:\Users\abusu\Desktop\pap-smear-cyto-algo\results\research_v2\runs\v2_combined_seed17[0m
Training succeeded at batch=16 in 1367.4s total.

Training summary written to C:\Users\abusu\Desktop\pap-smear-cyto-algo\results\v2_combined_seed17_training_summary.json
{
  "model": "yolov8n.pt",
  "seed": 17,
  "save_dir": "C:\\Users\\abusu\\Desktop\\pap-smear-cyto-algo\\results\\research_v2\\runs\\v2_combined_seed17",
  "initial_weights_sha256": "f59b3d833e2ff32e194b5bb8e08d211dc7c5bdf144b90d2c8412c47ccfc83b36",
  "data": "C:\\Users\\abusu\\Desktop\\pap-smear-cyto-algo\\data\\research_v2\\combined\\data.yaml",
  "batch_used": 16,
  "workers": 2,
  "total_wall_clock_seconds": 1367.4496612548828,
  "epochs_ceiling": 150,
  "patience": 30,
  "epochs_run": 92,
  "note": "Compare epochs_run against --patience/--epochs ceiling to see whether training plateaued early or hit the cap. Check the training log's printed per-epoch time directly for wall-clock figures; results.csv format varies by ultralytics version."
}

Best checkpoint should be at: C:\Users\abusu\Desktop\pap-smear-cyto-algo\results\research_v2\runs\v2_combined_seed17\weights\best.pt
Copy it into models/ (gitignored except best.pt, per repo structure) before running evaluation scripts.
