[log] Logging to C:\Users\abusu\Desktop\pap-smear-cyto-algo\logs\training_pipeline_20260919_015426.log
--- Attempting training at batch=16 ---
New https://pypi.org/project/ultralytics/8.4.155 available  Update with 'pip install -U ultralytics'
Ultralytics 8.4.31  Python-3.12.10 torch-2.10.0+cu130 CUDA:0 (NVIDIA GeForce RTX 3060 Laptop GPU, 6144MiB)
[34m[1mengine\trainer: [0magnostic_nms=False, amp=True, angle=1.0, augment=False, auto_augment=randaugment, batch=16, bgr=0.0, box=7.5, cache=disk, cfg=None, classes=None, close_mosaic=10, cls=0.5, compile=False, conf=None, copy_paste=0.0, copy_paste_mode=flip, cos_lr=False, cutmix=0.0, data=C:\Users\abusu\Desktop\pap-smear-cyto-algo\data\research_v2\combined\data.yaml, degrees=0.0, deterministic=True, device=None, dfl=1.5, dnn=False, dropout=0.0, dynamic=False, embed=None, end2end=None, epochs=150, erasing=0.4, exist_ok=False, fliplr=0.5, flipud=0.0, format=torchscript, fraction=1.0, freeze=None, half=False, hsv_h=0.015, hsv_s=0.7, hsv_v=0.4, imgsz=640, int8=False, iou=0.7, keras=False, kobj=1.0, line_width=None, lr0=0.01, lrf=0.01, mask_ratio=4, max_det=300, mixup=0.0, mode=train, model=yolov8n.pt, momentum=0.937, mosaic=1.0, multi_scale=0.0, name=v2_combined_seed43, nbs=64, nms=False, opset=None, optimize=False, optimizer=auto, overlap_mask=True, patience=30, perspective=0.0, plots=True, pose=12.0, pretrained=True, profile=False, project=C:\Users\abusu\Desktop\pap-smear-cyto-algo\results\research_v2\runs, rect=False, resume=False, retina_masks=False, rle=1.0, save=True, save_conf=False, save_crop=False, save_dir=C:\Users\abusu\Desktop\pap-smear-cyto-algo\results\research_v2\runs\v2_combined_seed43, save_frames=False, save_json=False, save_period=-1, save_txt=False, scale=0.5, seed=43, shear=0.0, show=False, show_boxes=True, show_conf=True, show_labels=True, simplify=True, single_cls=False, source=None, split=val, stream_buffer=False, task=detect, time=None, tracker=botsort.yaml, translate=0.1, val=True, verbose=True, vid_stride=1, visualize=False, warmup_bias_lr=0.1, warmup_epochs=3.0, warmup_momentum=0.8, weight_decay=0.0005, workers=2, workspace=None
Overriding model.yaml nc=80 with nc=2

                   from  n    params  module                                       arguments                     
  0                  -1  1       464  ultralytics.nn.modules.conv.Conv             [3, 16, 3, 2]                 
  1                  -1  1      4672  ultralytics.nn.modules.conv.Conv             [16, 32, 3, 2]                
  2                  -1  1      7360  ultralytics.nn.modules.block.C2f             [32, 32, 1, True]             
  3                  -1  1     18560  ultralytics.nn.modules.conv.Conv             [32, 64, 3, 2]                
  4                  -1  2     49664  ultralytics.nn.modules.block.C2f             [64, 64, 2, True]             
  5                  -1  1     73984  ultralytics.nn.modules.conv.Conv             [64, 128, 3, 2]               
  6                  -1  2    197632  ultralytics.nn.modules.block.C2f             [128, 128, 2, True]           
  7                  -1  1    295424  ultralytics.nn.modules.conv.Conv             [128, 256, 3, 2]              
  8                  -1  1    460288  ultralytics.nn.modules.block.C2f             [256, 256, 1, True]           
  9                  -1  1    164608  ultralytics.nn.modules.block.SPPF            [256, 256, 5]                 
 10                  -1  1         0  torch.nn.modules.upsampling.Upsample         [None, 2, 'nearest']          
 11             [-1, 6]  1         0  ultralytics.nn.modules.conv.Concat           [1]                           
 12                  -1  1    148224  ultralytics.nn.modules.block.C2f             [384, 128, 1]                 
 13                  -1  1         0  torch.nn.modules.upsampling.Upsample         [None, 2, 'nearest']          
 14             [-1, 4]  1         0  ultralytics.nn.modules.conv.Concat           [1]                           
 15                  -1  1     37248  ultralytics.nn.modules.block.C2f             [192, 64, 1]                  
 16                  -1  1     36992  ultralytics.nn.modules.conv.Conv             [64, 64, 3, 2]                
 17            [-1, 12]  1         0  ultralytics.nn.modules.conv.Concat           [1]                           
 18                  -1  1    123648  ultralytics.nn.modules.block.C2f             [192, 128, 1]                 
 19                  -1  1    147712  ultralytics.nn.modules.conv.Conv             [128, 128, 3, 2]              
 20             [-1, 9]  1         0  ultralytics.nn.modules.conv.Concat           [1]                           
 21                  -1  1    493056  ultralytics.nn.modules.block.C2f             [384, 256, 1]                 
 22        [15, 18, 21]  1    751702  ultralytics.nn.modules.head.Detect           [2, 16, None, [64, 128, 256]] 
Model summary: 130 layers, 3,011,238 parameters, 3,011,222 gradients, 8.2 GFLOPs

Transferred 319/355 items from pretrained weights
Freezing layer 'model.22.dfl.conv.weight'
[34m[1mAMP: [0mrunning Automatic Mixed Precision (AMP) checks...
[34m[1mAMP: [0mchecks passed 
[34m[1mtrain: [0mFast image access  (ping: 0.10.1 ms, read: 732.2420.2 MB/s, size: 235.7 KB)


[34m[1mval: [0mFast image access  (ping: 0.00.0 ms, read: 780.1330.8 MB/s, size: 188.0 KB)


[34m[1moptimizer:[0m 'optimizer=auto' found, ignoring 'lr0=0.01' and 'momentum=0.937' and determining best 'optimizer', 'lr0' and 'momentum' automatically... 
[34m[1moptimizer:[0m AdamW(lr=0.001667, momentum=0.9) with parameter groups 57 weight(decay=0.0), 64 weight(decay=0.0005), 63 bias(decay=0.0)
Plotting labels to C:\Users\abusu\Desktop\pap-smear-cyto-algo\results\research_v2\runs\v2_combined_seed43\labels.jpg... 
Image sizes 640 train, 640 val
Using 2 dataloader workers
Logging results to [1mC:\Users\abusu\Desktop\pap-smear-cyto-algo\results\research_v2\runs\v2_combined_seed43[0m
Starting training for 150 epochs...

      Epoch    GPU_mem   box_loss   cls_loss   dfl_loss  Instances       Size


                   all        189        973      0.203      0.163      0.103     0.0669

      Epoch    GPU_mem   box_loss   cls_loss   dfl_loss  Instances       Size


                   all        189        973      0.349      0.326       0.28      0.165

      Epoch    GPU_mem   box_loss   cls_loss   dfl_loss  Instances       Size


                   all        189        973      0.329      0.271      0.242      0.138

      Epoch    GPU_mem   box_loss   cls_loss   dfl_loss  Instances       Size


                   all        189        973      0.413      0.481      0.411      0.255

      Epoch    GPU_mem   box_loss   cls_loss   dfl_loss  Instances       Size


                   all        189        973      0.419      0.516      0.412      0.256

      Epoch    GPU_mem   box_loss   cls_loss   dfl_loss  Instances       Size


                   all        189        973       0.27      0.419      0.234      0.139

      Epoch    GPU_mem   box_loss   cls_loss   dfl_loss  Instances       Size


                   all        189        973      0.359      0.559       0.44      0.284

      Epoch    GPU_mem   box_loss   cls_loss   dfl_loss  Instances       Size


                   all        189        973      0.319      0.421      0.319       0.21

      Epoch    GPU_mem   box_loss   cls_loss   dfl_loss  Instances       Size


                   all        189        973       0.53      0.563       0.54       0.34

      Epoch    GPU_mem   box_loss   cls_loss   dfl_loss  Instances       Size


                   all        189        973      0.444      0.511      0.454      0.292

      Epoch    GPU_mem   box_loss   cls_loss   dfl_loss  Instances       Size


                   all        189        973      0.469      0.492      0.455      0.275

      Epoch    GPU_mem   box_loss   cls_loss   dfl_loss  Instances       Size


                   all        189        973      0.463      0.521      0.454      0.296

      Epoch    GPU_mem   box_loss   cls_loss   dfl_loss  Instances       Size


                   all        189        973       0.53       0.55      0.517      0.337

      Epoch    GPU_mem   box_loss   cls_loss   dfl_loss  Instances       Size


                   all        189        973      0.471      0.492      0.473      0.318

      Epoch    GPU_mem   box_loss   cls_loss   dfl_loss  Instances       Size


                   all        189        973      0.507      0.559      0.515      0.338

      Epoch    GPU_mem   box_loss   cls_loss   dfl_loss  Instances       Size


                   all        189        973      0.445      0.684      0.524      0.339

      Epoch    GPU_mem   box_loss   cls_loss   dfl_loss  Instances       Size


                   all        189        973      0.491      0.567      0.476      0.304

      Epoch    GPU_mem   box_loss   cls_loss   dfl_loss  Instances       Size


                   all        189        973      0.485      0.649       0.56      0.379

      Epoch    GPU_mem   box_loss   cls_loss   dfl_loss  Instances       Size


                   all        189        973      0.527      0.613      0.558      0.377

      Epoch    GPU_mem   box_loss   cls_loss   dfl_loss  Instances       Size


                   all        189        973      0.515      0.627      0.575      0.396

      Epoch    GPU_mem   box_loss   cls_loss   dfl_loss  Instances       Size


                   all        189        973      0.534      0.575      0.566       0.37

      Epoch    GPU_mem   box_loss   cls_loss   dfl_loss  Instances       Size


                   all        189        973      0.526      0.623      0.572      0.387

      Epoch    GPU_mem   box_loss   cls_loss   dfl_loss  Instances       Size


                   all        189        973      0.545      0.553      0.525      0.341

      Epoch    GPU_mem   box_loss   cls_loss   dfl_loss  Instances       Size


                   all        189        973       0.52      0.611      0.582      0.392

      Epoch    GPU_mem   box_loss   cls_loss   dfl_loss  Instances       Size


                   all        189        973       0.53      0.547      0.521      0.343

      Epoch    GPU_mem   box_loss   cls_loss   dfl_loss  Instances       Size


                   all        189        973      0.548       0.65      0.608      0.406

      Epoch    GPU_mem   box_loss   cls_loss   dfl_loss  Instances       Size


                   all        189        973      0.588      0.623      0.626      0.424

      Epoch    GPU_mem   box_loss   cls_loss   dfl_loss  Instances       Size


                   all        189        973      0.573      0.626      0.605      0.403

      Epoch    GPU_mem   box_loss   cls_loss   dfl_loss  Instances       Size


                   all        189        973      0.455      0.678      0.553      0.372

      Epoch    GPU_mem   box_loss   cls_loss   dfl_loss  Instances       Size


                   all        189        973      0.545      0.649      0.587      0.401

      Epoch    GPU_mem   box_loss   cls_loss   dfl_loss  Instances       Size


                   all        189        973      0.556       0.57      0.577      0.384

      Epoch    GPU_mem   box_loss   cls_loss   dfl_loss  Instances       Size


                   all        189        973      0.586      0.601      0.615       0.42

      Epoch    GPU_mem   box_loss   cls_loss   dfl_loss  Instances       Size


                   all        189        973      0.573      0.632      0.617      0.425

      Epoch    GPU_mem   box_loss   cls_loss   dfl_loss  Instances       Size


                   all        189        973      0.549      0.633      0.604      0.407

      Epoch    GPU_mem   box_loss   cls_loss   dfl_loss  Instances       Size


                   all        189        973       0.59      0.588      0.607       0.41

      Epoch    GPU_mem   box_loss   cls_loss   dfl_loss  Instances       Size


                   all        189        973      0.581      0.653      0.614      0.412

      Epoch    GPU_mem   box_loss   cls_loss   dfl_loss  Instances       Size


                   all        189        973      0.576      0.628      0.619      0.427

      Epoch    GPU_mem   box_loss   cls_loss   dfl_loss  Instances       Size


                   all        189        973      0.533      0.633      0.593      0.408

      Epoch    GPU_mem   box_loss   cls_loss   dfl_loss  Instances       Size


                   all        189        973      0.536      0.592      0.543      0.346

      Epoch    GPU_mem   box_loss   cls_loss   dfl_loss  Instances       Size


                   all        189        973      0.586      0.618      0.604      0.411

      Epoch    GPU_mem   box_loss   cls_loss   dfl_loss  Instances       Size


                   all        189        973      0.576      0.548      0.572      0.388

      Epoch    GPU_mem   box_loss   cls_loss   dfl_loss  Instances       Size


                   all        189        973      0.561      0.647      0.615      0.412

      Epoch    GPU_mem   box_loss   cls_loss   dfl_loss  Instances       Size


                   all        189        973      0.602      0.605      0.596      0.402

      Epoch    GPU_mem   box_loss   cls_loss   dfl_loss  Instances       Size


                   all        189        973       0.58      0.647      0.624       0.43

      Epoch    GPU_mem   box_loss   cls_loss   dfl_loss  Instances       Size


                   all        189        973       0.58      0.618      0.611      0.414

      Epoch    GPU_mem   box_loss   cls_loss   dfl_loss  Instances       Size


                   all        189        973      0.605      0.601       0.61      0.416

      Epoch    GPU_mem   box_loss   cls_loss   dfl_loss  Instances       Size


                   all        189        973      0.532      0.635      0.576      0.384

      Epoch    GPU_mem   box_loss   cls_loss   dfl_loss  Instances       Size


                   all        189        973      0.548      0.622      0.595      0.398

      Epoch    GPU_mem   box_loss   cls_loss   dfl_loss  Instances       Size


                   all        189        973      0.591      0.625      0.618      0.419

      Epoch    GPU_mem   box_loss   cls_loss   dfl_loss  Instances       Size


                   all        189        973      0.584       0.62      0.615      0.424

      Epoch    GPU_mem   box_loss   cls_loss   dfl_loss  Instances       Size
