[log] Logging to C:\Users\abusu\Desktop\pap-smear-cyto-algo\logs\training_pipeline_20260919_010133.log
--- Attempting training at batch=16 ---
New https://pypi.org/project/ultralytics/8.4.155 available  Update with 'pip install -U ultralytics'
Ultralytics 8.4.31  Python-3.12.10 torch-2.10.0+cu130 CUDA:0 (NVIDIA GeForce RTX 3060 Laptop GPU, 6144MiB)
[34m[1mengine\trainer: [0magnostic_nms=False, amp=True, angle=1.0, augment=False, auto_augment=randaugment, batch=16, bgr=0.0, box=7.5, cache=disk, cfg=None, classes=None, close_mosaic=10, cls=0.5, compile=False, conf=None, copy_paste=0.0, copy_paste_mode=flip, cos_lr=False, cutmix=0.0, data=C:\Users\abusu\Desktop\pap-smear-cyto-algo\data\research_v2\sipakmed_only\data.yaml, degrees=0.0, deterministic=True, device=None, dfl=1.5, dnn=False, dropout=0.0, dynamic=False, embed=None, end2end=None, epochs=150, erasing=0.4, exist_ok=False, fliplr=0.5, flipud=0.0, format=torchscript, fraction=1.0, freeze=None, half=False, hsv_h=0.015, hsv_s=0.7, hsv_v=0.4, imgsz=640, int8=False, iou=0.7, keras=False, kobj=1.0, line_width=None, lr0=0.01, lrf=0.01, mask_ratio=4, max_det=300, mixup=0.0, mode=train, model=yolov8n.pt, momentum=0.937, mosaic=1.0, multi_scale=0.0, name=v2_sipakmed_only_seed17, nbs=64, nms=False, opset=None, optimize=False, optimizer=auto, overlap_mask=True, patience=30, perspective=0.0, plots=True, pose=12.0, pretrained=True, profile=False, project=C:\Users\abusu\Desktop\pap-smear-cyto-algo\results\research_v2\runs, rect=False, resume=False, retina_masks=False, rle=1.0, save=True, save_conf=False, save_crop=False, save_dir=C:\Users\abusu\Desktop\pap-smear-cyto-algo\results\research_v2\runs\v2_sipakmed_only_seed17, save_frames=False, save_json=False, save_period=-1, save_txt=False, scale=0.5, seed=17, shear=0.0, show=False, show_boxes=True, show_conf=True, show_labels=True, simplify=True, single_cls=False, source=None, split=val, stream_buffer=False, task=detect, time=None, tracker=botsort.yaml, translate=0.1, val=True, verbose=True, vid_stride=1, visualize=False, warmup_bias_lr=0.1, warmup_epochs=3.0, warmup_momentum=0.8, weight_decay=0.0005, workers=2, workspace=None
Overriding model.yaml nc=80 with nc=2

                   from  n    params  module                                       arguments                     
  0                  -1  1       464  ultralytics.nn.modules.conv.Conv             [3, 16, 3, 2]                 
  1                  -1  1      4672  ultralytics.nn.modules.conv.Conv             [16, 32, 3, 2]                
  2                  -1  1      7360  ultralytics.nn.modules.block.C2f             [32, 32, 1, True]             
  3                  -1  1     18560  ultralytics.nn.modules.conv.Conv             [32, 64, 3, 2]                
  4                  -1  2     49664  ultralytics.nn.modules.block.C2f             [64, 64, 2, True]             
  5                  -1  1     73984  ultralytics.nn.modules.conv.Conv             [64, 128, 3, 2]               
  6                  -1  2    197632  ultralytics.nn.modules.block.C2f             [128, 128, 2, True]           
  7                  -1  1    295424  ultralytics.nn.modules.conv.Conv             [128, 256, 3, 2]              
  8                  -1  1    460288  ultralytics.nn.modules.block.C2f             [256, 256, 1, True]           
  9                  -1  1    164608  ultralytics.nn.modules.block.SPPF            [256, 256, 5]                 
 10                  -1  1         0  torch.nn.modules.upsampling.Upsample         [None, 2, 'nearest']          
 11             [-1, 6]  1         0  ultralytics.nn.modules.conv.Concat           [1]                           
 12                  -1  1    148224  ultralytics.nn.modules.block.C2f             [384, 128, 1]                 
 13                  -1  1         0  torch.nn.modules.upsampling.Upsample         [None, 2, 'nearest']          
 14             [-1, 4]  1         0  ultralytics.nn.modules.conv.Concat           [1]                           
 15                  -1  1     37248  ultralytics.nn.modules.block.C2f             [192, 64, 1]                  
 16                  -1  1     36992  ultralytics.nn.modules.conv.Conv             [64, 64, 3, 2]                
 17            [-1, 12]  1         0  ultralytics.nn.modules.conv.Concat           [1]                           
 18                  -1  1    123648  ultralytics.nn.modules.block.C2f             [192, 128, 1]                 
 19                  -1  1    147712  ultralytics.nn.modules.conv.Conv             [128, 128, 3, 2]              
 20             [-1, 9]  1         0  ultralytics.nn.modules.conv.Concat           [1]                           
 21                  -1  1    493056  ultralytics.nn.modules.block.C2f             [384, 256, 1]                 
 22        [15, 18, 21]  1    751702  ultralytics.nn.modules.head.Detect           [2, 16, None, [64, 128, 256]] 
Model summary: 130 layers, 3,011,238 parameters, 3,011,222 gradients, 8.2 GFLOPs

Transferred 319/355 items from pretrained weights
Freezing layer 'model.22.dfl.conv.weight'
[34m[1mAMP: [0mrunning Automatic Mixed Precision (AMP) checks...

[34m[1mAMP: [0mchecks passed 
[34m[1mtrain: [0mFast image access  (ping: 0.00.0 ms, read: 124.722.9 MB/s, size: 175.6 KB)

[34m[1mtrain: [0mNew cache created: C:\Users\abusu\Desktop\pap-smear-cyto-algo\data\research_v2\sipakmed_only\train\labels.cache

[34m[1mval: [0mFast image access  (ping: 0.10.0 ms, read: 89.124.5 MB/s, size: 253.9 KB)

[34m[1mval: [0mNew cache created: C:\Users\abusu\Desktop\pap-smear-cyto-algo\data\research_v2\sipakmed_only\valid\labels.cache

[34m[1moptimizer:[0m 'optimizer=auto' found, ignoring 'lr0=0.01' and 'momentum=0.937' and determining best 'optimizer', 'lr0' and 'momentum' automatically... 
[34m[1moptimizer:[0m AdamW(lr=0.001667, momentum=0.9) with parameter groups 57 weight(decay=0.0), 64 weight(decay=0.0005), 63 bias(decay=0.0)
Plotting labels to C:\Users\abusu\Desktop\pap-smear-cyto-algo\results\research_v2\runs\v2_sipakmed_only_seed17\labels.jpg... 
Image sizes 640 train, 640 val
Using 2 dataloader workers
Logging results to [1mC:\Users\abusu\Desktop\pap-smear-cyto-algo\results\research_v2\runs\v2_sipakmed_only_seed17[0m
Starting training for 150 epochs...

      Epoch    GPU_mem   box_loss   cls_loss   dfl_loss  Instances       Size


                   all        139        598    0.00995      0.678     0.0237     0.0108

      Epoch    GPU_mem   box_loss   cls_loss   dfl_loss  Instances       Size


                   all        139        598      0.258     0.0581     0.0823      0.038

      Epoch    GPU_mem   box_loss   cls_loss   dfl_loss  Instances       Size


                   all        139        598      0.377      0.417      0.355      0.213

      Epoch    GPU_mem   box_loss   cls_loss   dfl_loss  Instances       Size


                   all        139        598      0.382      0.507      0.426      0.252

      Epoch    GPU_mem   box_loss   cls_loss   dfl_loss  Instances       Size


                   all        139        598      0.416      0.372       0.36      0.239

      Epoch    GPU_mem   box_loss   cls_loss   dfl_loss  Instances       Size


                   all        139        598      0.321      0.458      0.312      0.215

      Epoch    GPU_mem   box_loss   cls_loss   dfl_loss  Instances       Size


                   all        139        598      0.426      0.521      0.452      0.302

      Epoch    GPU_mem   box_loss   cls_loss   dfl_loss  Instances       Size


                   all        139        598      0.501      0.536      0.477      0.307

      Epoch    GPU_mem   box_loss   cls_loss   dfl_loss  Instances       Size


                   all        139        598      0.456      0.554      0.475      0.303

      Epoch    GPU_mem   box_loss   cls_loss   dfl_loss  Instances       Size


                   all        139        598      0.507       0.48      0.478      0.317

      Epoch    GPU_mem   box_loss   cls_loss   dfl_loss  Instances       Size


                   all        139        598      0.445      0.576      0.532      0.371

      Epoch    GPU_mem   box_loss   cls_loss   dfl_loss  Instances       Size


                   all        139        598      0.455      0.445      0.455      0.322

      Epoch    GPU_mem   box_loss   cls_loss   dfl_loss  Instances       Size


                   all        139        598      0.538      0.555      0.545      0.359

      Epoch    GPU_mem   box_loss   cls_loss   dfl_loss  Instances       Size


                   all        139        598      0.444      0.593      0.523      0.359

      Epoch    GPU_mem   box_loss   cls_loss   dfl_loss  Instances       Size


                   all        139        598      0.468      0.533      0.506      0.352

      Epoch    GPU_mem   box_loss   cls_loss   dfl_loss  Instances       Size


                   all        139        598        0.5      0.551      0.525      0.355

      Epoch    GPU_mem   box_loss   cls_loss   dfl_loss  Instances       Size


                   all        139        598      0.495      0.555      0.499      0.339

      Epoch    GPU_mem   box_loss   cls_loss   dfl_loss  Instances       Size


                   all        139        598      0.473      0.484      0.469      0.307

      Epoch    GPU_mem   box_loss   cls_loss   dfl_loss  Instances       Size


                   all        139        598      0.504      0.578      0.523      0.361

      Epoch    GPU_mem   box_loss   cls_loss   dfl_loss  Instances       Size


                   all        139        598      0.456      0.547        0.5      0.348

      Epoch    GPU_mem   box_loss   cls_loss   dfl_loss  Instances       Size


                   all        139        598      0.443      0.606      0.505      0.334

      Epoch    GPU_mem   box_loss   cls_loss   dfl_loss  Instances       Size


                   all        139        598      0.516      0.609      0.555      0.378

      Epoch    GPU_mem   box_loss   cls_loss   dfl_loss  Instances       Size


                   all        139        598      0.543      0.615      0.579      0.394

      Epoch    GPU_mem   box_loss   cls_loss   dfl_loss  Instances       Size


                   all        139        598      0.525      0.625      0.568      0.385

      Epoch    GPU_mem   box_loss   cls_loss   dfl_loss  Instances       Size


                   all        139        598      0.519      0.588      0.575       0.38

      Epoch    GPU_mem   box_loss   cls_loss   dfl_loss  Instances       Size


                   all        139        598      0.467      0.574      0.495      0.337

      Epoch    GPU_mem   box_loss   cls_loss   dfl_loss  Instances       Size


                   all        139        598      0.604      0.596      0.619      0.422

      Epoch    GPU_mem   box_loss   cls_loss   dfl_loss  Instances       Size


                   all        139        598      0.517      0.553      0.531      0.363

      Epoch    GPU_mem   box_loss   cls_loss   dfl_loss  Instances       Size


                   all        139        598      0.486      0.536      0.492      0.326

      Epoch    GPU_mem   box_loss   cls_loss   dfl_loss  Instances       Size


                   all        139        598      0.514      0.691      0.594      0.392

      Epoch    GPU_mem   box_loss   cls_loss   dfl_loss  Instances       Size


                   all        139        598      0.538      0.603      0.554      0.371

      Epoch    GPU_mem   box_loss   cls_loss   dfl_loss  Instances       Size


                   all        139        598       0.52      0.649      0.568      0.393

      Epoch    GPU_mem   box_loss   cls_loss   dfl_loss  Instances       Size


                   all        139        598      0.489      0.643      0.561      0.388

      Epoch    GPU_mem   box_loss   cls_loss   dfl_loss  Instances       Size


                   all        139        598      0.554      0.607      0.597       0.41

      Epoch    GPU_mem   box_loss   cls_loss   dfl_loss  Instances       Size


                   all        139        598      0.568      0.573      0.578      0.392

      Epoch    GPU_mem   box_loss   cls_loss   dfl_loss  Instances       Size


                   all        139        598      0.542      0.605      0.585      0.404

      Epoch    GPU_mem   box_loss   cls_loss   dfl_loss  Instances       Size


                   all        139        598      0.523      0.615      0.565      0.399

      Epoch    GPU_mem   box_loss   cls_loss   dfl_loss  Instances       Size


                   all        139        598      0.592      0.599      0.606      0.436

      Epoch    GPU_mem   box_loss   cls_loss   dfl_loss  Instances       Size


                   all        139        598      0.603      0.601      0.622       0.43

      Epoch    GPU_mem   box_loss   cls_loss   dfl_loss  Instances       Size


                   all        139        598      0.539      0.684      0.622      0.428

      Epoch    GPU_mem   box_loss   cls_loss   dfl_loss  Instances       Size


                   all        139        598      0.544        0.6      0.582      0.414

      Epoch    GPU_mem   box_loss   cls_loss   dfl_loss  Instances       Size


                   all        139        598      0.514      0.623      0.556      0.357

      Epoch    GPU_mem   box_loss   cls_loss   dfl_loss  Instances       Size


                   all        139        598      0.557      0.606      0.573      0.387

      Epoch    GPU_mem   box_loss   cls_loss   dfl_loss  Instances       Size


                   all        139        598      0.534       0.62        0.6      0.416

      Epoch    GPU_mem   box_loss   cls_loss   dfl_loss  Instances       Size


                   all        139        598      0.566      0.565      0.575       0.39

      Epoch    GPU_mem   box_loss   cls_loss   dfl_loss  Instances       Size


                   all        139        598      0.573      0.547      0.553      0.394

      Epoch    GPU_mem   box_loss   cls_loss   dfl_loss  Instances       Size


                   all        139        598      0.528       0.59       0.55      0.396

      Epoch    GPU_mem   box_loss   cls_loss   dfl_loss  Instances       Size


                   all        139        598      0.592      0.635      0.641       0.45

      Epoch    GPU_mem   box_loss   cls_loss   dfl_loss  Instances       Size


                   all        139        598      0.571      0.644      0.614      0.434

      Epoch    GPU_mem   box_loss   cls_loss   dfl_loss  Instances       Size


                   all        139        598      0.553      0.636      0.598      0.419

      Epoch    GPU_mem   box_loss   cls_loss   dfl_loss  Instances       Size


                   all        139        598      0.532      0.653      0.591      0.413

      Epoch    GPU_mem   box_loss   cls_loss   dfl_loss  Instances       Size


                   all        139        598      0.576      0.658      0.623      0.439

      Epoch    GPU_mem   box_loss   cls_loss   dfl_loss  Instances       Size


                   all        139        598      0.525      0.662       0.61       0.43

      Epoch    GPU_mem   box_loss   cls_loss   dfl_loss  Instances       Size


                   all        139        598      0.587      0.632      0.612      0.426

      Epoch    GPU_mem   box_loss   cls_loss   dfl_loss  Instances       Size


                   all        139        598      0.536      0.637       0.58      0.407

      Epoch    GPU_mem   box_loss   cls_loss   dfl_loss  Instances       Size


                   all        139        598      0.596      0.552      0.582      0.413

      Epoch    GPU_mem   box_loss   cls_loss   dfl_loss  Instances       Size


                   all        139        598      0.559      0.677      0.624       0.43

      Epoch    GPU_mem   box_loss   cls_loss   dfl_loss  Instances       Size


                   all        139        598      0.572      0.598      0.585      0.407

      Epoch    GPU_mem   box_loss   cls_loss   dfl_loss  Instances       Size


                   all        139        598      0.508       0.64      0.575      0.412

      Epoch    GPU_mem   box_loss   cls_loss   dfl_loss  Instances       Size


                   all        139        598       0.53      0.645      0.598      0.414

      Epoch    GPU_mem   box_loss   cls_loss   dfl_loss  Instances       Size


                   all        139        598      0.594      0.528      0.579      0.414

      Epoch    GPU_mem   box_loss   cls_loss   dfl_loss  Instances       Size


                   all        139        598      0.578      0.599      0.617       0.44

      Epoch    GPU_mem   box_loss   cls_loss   dfl_loss  Instances       Size


                   all        139        598      0.545      0.664      0.607      0.428

      Epoch    GPU_mem   box_loss   cls_loss   dfl_loss  Instances       Size


                   all        139        598      0.625      0.611      0.635      0.445

      Epoch    GPU_mem   box_loss   cls_loss   dfl_loss  Instances       Size


                   all        139        598      0.574       0.68      0.645      0.449

      Epoch    GPU_mem   box_loss   cls_loss   dfl_loss  Instances       Size


                   all        139        598      0.565      0.623      0.611      0.432

      Epoch    GPU_mem   box_loss   cls_loss   dfl_loss  Instances       Size


                   all        139        598      0.579      0.608      0.618      0.438

      Epoch    GPU_mem   box_loss   cls_loss   dfl_loss  Instances       Size


                   all        139        598      0.559      0.658      0.632      0.431

      Epoch    GPU_mem   box_loss   cls_loss   dfl_loss  Instances       Size


                   all        139        598      0.585      0.582      0.588      0.409

      Epoch    GPU_mem   box_loss   cls_loss   dfl_loss  Instances       Size


                   all        139        598      0.617      0.642       0.64      0.444

      Epoch    GPU_mem   box_loss   cls_loss   dfl_loss  Instances       Size


                   all        139        598      0.562      0.715      0.659       0.46

      Epoch    GPU_mem   box_loss   cls_loss   dfl_loss  Instances       Size


                   all        139        598      0.598      0.603      0.622      0.429

      Epoch    GPU_mem   box_loss   cls_loss   dfl_loss  Instances       Size


                   all        139        598      0.597      0.654      0.653      0.458

      Epoch    GPU_mem   box_loss   cls_loss   dfl_loss  Instances       Size


                   all        139        598      0.605       0.64      0.632      0.438

      Epoch    GPU_mem   box_loss   cls_loss   dfl_loss  Instances       Size


                   all        139        598      0.611      0.622      0.629      0.433

      Epoch    GPU_mem   box_loss   cls_loss   dfl_loss  Instances       Size


                   all        139        598      0.582       0.62      0.614       0.42

      Epoch    GPU_mem   box_loss   cls_loss   dfl_loss  Instances       Size


                   all        139        598       0.58        0.6      0.601      0.422

      Epoch    GPU_mem   box_loss   cls_loss   dfl_loss  Instances       Size


                   all        139        598      0.586      0.674      0.649      0.457

      Epoch    GPU_mem   box_loss   cls_loss   dfl_loss  Instances       Size


                   all        139        598      0.582       0.67      0.647      0.451

      Epoch    GPU_mem   box_loss   cls_loss   dfl_loss  Instances       Size


                   all        139        598      0.568      0.597      0.601      0.415

      Epoch    GPU_mem   box_loss   cls_loss   dfl_loss  Instances       Size


                   all        139        598       0.58       0.65      0.643      0.447

      Epoch    GPU_mem   box_loss   cls_loss   dfl_loss  Instances       Size


                   all        139        598      0.592      0.582      0.604      0.431

      Epoch    GPU_mem   box_loss   cls_loss   dfl_loss  Instances       Size


                   all        139        598      0.561      0.629      0.633      0.442

      Epoch    GPU_mem   box_loss   cls_loss   dfl_loss  Instances       Size


                   all        139        598       0.55      0.685      0.619      0.427

      Epoch    GPU_mem   box_loss   cls_loss   dfl_loss  Instances       Size


                   all        139        598      0.552      0.698      0.639      0.453

      Epoch    GPU_mem   box_loss   cls_loss   dfl_loss  Instances       Size


                   all        139        598      0.583      0.577      0.601       0.42

      Epoch    GPU_mem   box_loss   cls_loss   dfl_loss  Instances       Size


                   all        139        598      0.607      0.631      0.646      0.448

      Epoch    GPU_mem   box_loss   cls_loss   dfl_loss  Instances       Size


                   all        139        598      0.569      0.654      0.625      0.438

      Epoch    GPU_mem   box_loss   cls_loss   dfl_loss  Instances       Size


                   all        139        598      0.545      0.614      0.596      0.421

      Epoch    GPU_mem   box_loss   cls_loss   dfl_loss  Instances       Size


                   all        139        598      0.573      0.635      0.602      0.425

      Epoch    GPU_mem   box_loss   cls_loss   dfl_loss  Instances       Size


                   all        139        598      0.566      0.663      0.625      0.438

      Epoch    GPU_mem   box_loss   cls_loss   dfl_loss  Instances       Size


                   all        139        598      0.579      0.649      0.619      0.428

      Epoch    GPU_mem   box_loss   cls_loss   dfl_loss  Instances       Size


                   all        139        598      0.592      0.606      0.626      0.436

      Epoch    GPU_mem   box_loss   cls_loss   dfl_loss  Instances       Size


                   all        139        598      0.642      0.568      0.609      0.428

      Epoch    GPU_mem   box_loss   cls_loss   dfl_loss  Instances       Size


                   all        139        598      0.611      0.646      0.657      0.463

      Epoch    GPU_mem   box_loss   cls_loss   dfl_loss  Instances       Size


                   all        139        598      0.601       0.62      0.621      0.432

      Epoch    GPU_mem   box_loss   cls_loss   dfl_loss  Instances       Size


                   all        139        598      0.583       0.64      0.625      0.438

      Epoch    GPU_mem   box_loss   cls_loss   dfl_loss  Instances       Size


                   all        139        598      0.577      0.627      0.622      0.431

      Epoch    GPU_mem   box_loss   cls_loss   dfl_loss  Instances       Size


                   all        139        598      0.549      0.668      0.642       0.45

      Epoch    GPU_mem   box_loss   cls_loss   dfl_loss  Instances       Size


                   all        139        598      0.619      0.587      0.622      0.435

      Epoch    GPU_mem   box_loss   cls_loss   dfl_loss  Instances       Size


                   all        139        598      0.575      0.608      0.608      0.431

      Epoch    GPU_mem   box_loss   cls_loss   dfl_loss  Instances       Size


                   all        139        598       0.59      0.605      0.612      0.433

      Epoch    GPU_mem   box_loss   cls_loss   dfl_loss  Instances       Size


                   all        139        598      0.571      0.665      0.643      0.454

      Epoch    GPU_mem   box_loss   cls_loss   dfl_loss  Instances       Size


                   all        139        598      0.553      0.617      0.609      0.433

      Epoch    GPU_mem   box_loss   cls_loss   dfl_loss  Instances       Size


                   all        139        598      0.543       0.63      0.597      0.432

      Epoch    GPU_mem   box_loss   cls_loss   dfl_loss  Instances       Size


                   all        139        598      0.577      0.605      0.603      0.429

      Epoch    GPU_mem   box_loss   cls_loss   dfl_loss  Instances       Size


                   all        139        598      0.576      0.594      0.609      0.428

      Epoch    GPU_mem   box_loss   cls_loss   dfl_loss  Instances       Size


                   all        139        598      0.577      0.642      0.633      0.445

      Epoch    GPU_mem   box_loss   cls_loss   dfl_loss  Instances       Size


                   all        139        598      0.573      0.615      0.601       0.43

      Epoch    GPU_mem   box_loss   cls_loss   dfl_loss  Instances       Size


                   all        139        598      0.553      0.623      0.597      0.425

      Epoch    GPU_mem   box_loss   cls_loss   dfl_loss  Instances       Size


                   all        139        598      0.599      0.621      0.625      0.444

      Epoch    GPU_mem   box_loss   cls_loss   dfl_loss  Instances       Size


                   all        139        598       0.56      0.629      0.614       0.43

      Epoch    GPU_mem   box_loss   cls_loss   dfl_loss  Instances       Size


                   all        139        598      0.587      0.614      0.612      0.441

      Epoch    GPU_mem   box_loss   cls_loss   dfl_loss  Instances       Size


                   all        139        598      0.592      0.635      0.632      0.445

      Epoch    GPU_mem   box_loss   cls_loss   dfl_loss  Instances       Size


                   all        139        598       0.57      0.633      0.621       0.44

      Epoch    GPU_mem   box_loss   cls_loss   dfl_loss  Instances       Size


                   all        139        598      0.623      0.591      0.628      0.442

      Epoch    GPU_mem   box_loss   cls_loss   dfl_loss  Instances       Size


                   all        139        598      0.561      0.619       0.61       0.43

      Epoch    GPU_mem   box_loss   cls_loss   dfl_loss  Instances       Size


                   all        139        598      0.559      0.635       0.62      0.433

      Epoch    GPU_mem   box_loss   cls_loss   dfl_loss  Instances       Size


                   all        139        598      0.544      0.644      0.594      0.417

      Epoch    GPU_mem   box_loss   cls_loss   dfl_loss  Instances       Size


                   all        139        598      0.547      0.657      0.609      0.429

      Epoch    GPU_mem   box_loss   cls_loss   dfl_loss  Instances       Size


                   all        139        598      0.563      0.623       0.61      0.433

      Epoch    GPU_mem   box_loss   cls_loss   dfl_loss  Instances       Size


                   all        139        598       0.57      0.636      0.619      0.435

      Epoch    GPU_mem   box_loss   cls_loss   dfl_loss  Instances       Size


                   all        139        598      0.556      0.654      0.614      0.433

      Epoch    GPU_mem   box_loss   cls_loss   dfl_loss  Instances       Size


                   all        139        598      0.545      0.651      0.606      0.427

      Epoch    GPU_mem   box_loss   cls_loss   dfl_loss  Instances       Size


                   all        139        598      0.596      0.609      0.622       0.44
[34m[1mEarlyStopping: [0mTraining stopped early as no improvement observed in last 30 epochs. Best results observed at epoch 95, best model saved as best.pt.
To update EarlyStopping(patience=30) pass a new patience value, i.e. `patience=300` or use `patience=0` to disable EarlyStopping.

125 epochs completed in 0.287 hours.
Optimizer stripped from C:\Users\abusu\Desktop\pap-smear-cyto-algo\results\research_v2\runs\v2_sipakmed_only_seed17\weights\last.pt, 6.2MB
Optimizer stripped from C:\Users\abusu\Desktop\pap-smear-cyto-algo\results\research_v2\runs\v2_sipakmed_only_seed17\weights\best.pt, 6.2MB

Validating C:\Users\abusu\Desktop\pap-smear-cyto-algo\results\research_v2\runs\v2_sipakmed_only_seed17\weights\best.pt...
Ultralytics 8.4.31  Python-3.12.10 torch-2.10.0+cu130 CUDA:0 (NVIDIA GeForce RTX 3060 Laptop GPU, 6144MiB)
Model summary (fused): 73 layers, 3,006,038 parameters, 0 gradients, 8.1 GFLOPs

                   all        139        598      0.593      0.663      0.657      0.463
                Normal         72        344      0.615      0.683      0.681      0.512
              Abnormal         67        254      0.571      0.644      0.633      0.413
Speed: 0.2ms preprocess, 1.9ms inference, 0.0ms loss, 2.9ms postprocess per image
Results saved to [1mC:\Users\abusu\Desktop\pap-smear-cyto-algo\results\research_v2\runs\v2_sipakmed_only_seed17[0m
Training succeeded at batch=16 in 1104.7s total.

Training summary written to C:\Users\abusu\Desktop\pap-smear-cyto-algo\results\v2_sipakmed_only_seed17_training_summary.json
{
  "model": "yolov8n.pt",
  "seed": 17,
  "save_dir": "C:\\Users\\abusu\\Desktop\\pap-smear-cyto-algo\\results\\research_v2\\runs\\v2_sipakmed_only_seed17",
  "initial_weights_sha256": "f59b3d833e2ff32e194b5bb8e08d211dc7c5bdf144b90d2c8412c47ccfc83b36",
  "data": "C:\\Users\\abusu\\Desktop\\pap-smear-cyto-algo\\data\\research_v2\\sipakmed_only\\data.yaml",
  "batch_used": 16,
  "workers": 2,
  "total_wall_clock_seconds": 1104.704830646515,
  "epochs_ceiling": 150,
  "patience": 30,
  "epochs_run": 125,
  "note": "Compare epochs_run against --patience/--epochs ceiling to see whether training plateaued early or hit the cap. Check the training log's printed per-epoch time directly for wall-clock figures; results.csv format varies by ultralytics version."
}

Best checkpoint should be at: C:\Users\abusu\Desktop\pap-smear-cyto-algo\results\research_v2\runs\v2_sipakmed_only_seed17\weights\best.pt
Copy it into models/ (gitignored except best.pt, per repo structure) before running evaluation scripts.
